SUMMARY:
	ROM0: 8719 bytes used / 24049 free

ROM0 bank #0:
	SECTION: $0000-$0012 ($0013 bytes) ["main"]
	         $0000 = main
	         $0000 = main.wait_vblank_u1
	         $000e = main.loop
	EMPTY: $0013-$003f ($002d bytes)
	SECTION: $0040-$0047 ($0008 bytes) ["vblank_interrupt"]
	EMPTY: $0048-$005f ($0018 bytes)
	SECTION: $0060-$0068 ($0009 bytes) ["joypad_interrupt"]
	EMPTY: $0069-$00ff ($0097 bytes)
	SECTION: $0100-$014f ($0050 bytes) ["header"]
	         $0100 = entrypoint
	SECTION: $0150-$0457 ($0308 bytes) ["sample"]
	         $0150 = InitSample
	         $01c1 = InitSample.init_oam_u1
	         $01cd = InitSample.load_tile_u2
	         $01e4 = InitSample.load_letter_copy_u3
	         $01f9 = InitSample.load_letter_copy_u4
	         $020d = InitSample.DrawTile0Line
	         $0213 = InitSample.DrawTile0Chr
	         $023e = InitSample.DrawTile1Line
	         $0244 = InitSample.DrawTile1Chr
	         $0270 = UpdateSample
	         $0274 = UpdateSample.wait_vblank
	         $02c8 = UpdateSample.player_1_arrow_done
	         $02d1 = UpdateSample.player_2_arrow_done
	         $02da = UpdateSample.player_3_arrow_done
	         $02e3 = UpdateSample.player_4_arrow_done
	         $02fa = UpdateSample.draw_double_digit_score_u5
	         $02fc = UpdateSample.score_count_tens_u5
	         $030d = UpdateSample.draw_score_done_u5
	         $0322 = UpdateSample.draw_double_digit_score_u6
	         $0324 = UpdateSample.score_count_tens_u6
	         $0335 = UpdateSample.draw_score_done_u6
	         $034a = UpdateSample.draw_double_digit_score_u7
	         $034c = UpdateSample.score_count_tens_u7
	         $035d = UpdateSample.draw_score_done_u7
	         $0372 = UpdateSample.draw_double_digit_score_u8
	         $0374 = UpdateSample.score_count_tens_u8
	         $0385 = UpdateSample.draw_score_done_u8
	         $03af = UpdateSample.load_letter_copy_u9
	         $03d4 = UpdateSample.load_letter_copy_u10
	         $03df = UpdateSample.display_new_letters_done
	         $03f7 = UpdateSample.update_tile_0_done
	         $03fb = UpdateSample.update_tile_1_done
	         $0402 = UpdateSample.random_letter_done
	         $0412 = UpdateSample.increment_arrow_done
	         $0422 = UpdateSample.decrement_arrow_done
	         $043a = UpdateSample.increment_score_done
	         $0452 = UpdateSample.decrement_score_done
	EMPTY: $0458-$497f ($4528 bytes)
	SECTION: $4980-$49ff ($0080 bytes) ["game_tile_addresses"]
	SECTION: $4a00-$63ff ($1a00 bytes) ["game_tile_alphabet_data"]
	SECTION: $6400-$675f ($0360 bytes) ["graphics_data"]
	         $6400 = EmptyTile
	         $6410 = GameTile
	         $6460 = Font
	EMPTY: $6760-$7c1f ($14c0 bytes)
	SECTION: $7c20-$7c30 ($0011 bytes) ["tilemaps_data"]
	EMPTY: $7c31-$7c3f ($000f bytes)
	SECTION: $7c40-$7c50 ($0011 bytes) ["tilemaps_data_row1"]
	EMPTY: $7c51-$7c5f ($000f bytes)
	SECTION: $7c60-$7c70 ($0011 bytes) ["tilemaps_data_row2"]
	EMPTY: $7c71-$7c7f ($000f bytes)
	SECTION: $7c80-$7c90 ($0011 bytes) ["tilemaps_data_row3"]
	EMPTY: $7c91-$7c9f ($000f bytes)
	SECTION: $7ca0-$7cb0 ($0011 bytes) ["tilemaps_data_row4"]
	EMPTY: $7cb1-$7cbf ($000f bytes)
	SECTION: $7cc0-$7cd0 ($0011 bytes) ["tilemaps_data_row5"]
	EMPTY: $7cd1-$7cdf ($000f bytes)
	SECTION: $7ce0-$7cf0 ($0011 bytes) ["tilemaps_data_row6"]
	EMPTY: $7cf1-$7d3f ($004f bytes)
	SECTION: $7d40-$7d4e ($000f bytes) ["tilemaps_data_row9"]
	EMPTY: $7d4f-$7d7f ($0031 bytes)
	SECTION: $7d80-$7d8e ($000f bytes) ["tilemaps_data_row11"]
	EMPTY: $7d8f-$7dbf ($0031 bytes)
	SECTION: $7dc0-$7dce ($000f bytes) ["tilemaps_data_row13"]
	EMPTY: $7dcf-$7dff ($0031 bytes)
	SECTION: $7e00-$7e0e ($000f bytes) ["tilemaps_data_row15"]
	EMPTY: $7e0f-$7fff ($01f1 bytes)
	TOTAL EMPTY: $5df1 bytes
