SUMMARY:
	ROM0: 1955 bytes used / 14429 free
	ROMX: 7883 bytes used / 8501 free in 1 bank

ROM0 bank #0:
	SECTION: $0000-$0012 ($0013 bytes) ["main"]
	         $0000 = main
	         $0000 = main.wait_vblank_u1
	         $000e = main.loop
	EMPTY: $0013-$003f ($002d bytes)
	SECTION: $0040-$0047 ($0008 bytes) ["vblank_interrupt"]
	EMPTY: $0048-$005f ($0018 bytes)
	SECTION: $0060-$0068 ($0009 bytes) ["joypad_interrupt"]
	EMPTY: $0069-$00ff ($0097 bytes)
	SECTION: $0100-$014f ($0050 bytes) ["header"]
	         $0100 = entrypoint
	SECTION: $0150-$087e ($072f bytes) ["SmartMouth"]
	         $0150 = InitSample
	         $029a = InitSample.player_name_copy_loop
	         $02a1 = InitSample.done
	         $02cd = InitSample.load_tile_u1
	         $02e4 = InitSample.load_letter_copy_u2
	         $02f9 = InitSample.load_letter_copy_u3
	         $0311 = UpdateSample
	         $0315 = UpdateSample.wait_vblank
	         $035f = UpdateSample.game_mode_done
	         $0366 = UpdateSample.menu_mode_done
	         $036d = UpdateSample.edit_names_mode_done
	         $0373 = InitOAM
	         $037b = InitOAM.init_oam
	         $0382 = DrawGameTileLetters
	         $0390 = DrawGameTileLetters.DrawTile0Line
	         $0396 = DrawGameTileLetters.DrawTile0Chr
	         $03c1 = DrawGameTileLetters.DrawTile1Line
	         $03c7 = DrawGameTileLetters.DrawTile1Chr
	         $03e8 = DrawPlayerNames
	         $03f1 = DrawPlayerNames.loop_1
	         $0400 = DrawPlayerNames.loop_2
	         $040f = DrawPlayerNames.loop_3
	         $041e = DrawPlayerNames.loop_4
	         $0425 = DrawActiveArrow
	         $0433 = DrawActiveArrow.player_1_arrow_done
	         $043c = DrawActiveArrow.player_2_arrow_done
	         $0445 = DrawActiveArrow.player_3_arrow_done
	         $044e = DrawActiveArrow.player_4_arrow_done
	         $044f = DrawKeyHighlight
	         $0476 = DrawEditInterace
	         $0480 = DrawEditInterace.erase_tile_u4
	         $048f = DrawEditInterace.load_tile_row_1_u5
	         $049d = DrawEditInterace.load_tile_row_2_u5
	         $04a8 = DrawEditInterace.load_tile_row_3_u5
	         $04b3 = DrawEditInterace.load_tile_row_4_u5
	         $04d1 = DrawEditInterace.loop_u6
	         $04dd = GameplayLogic
	         $04fd = GameplayLogic.draw_double_digit_score_u7
	         $04ff = GameplayLogic.score_count_tens_u7
	         $0510 = GameplayLogic.draw_score_done_u7
	         $0525 = GameplayLogic.draw_double_digit_score_u8
	         $0527 = GameplayLogic.score_count_tens_u8
	         $0538 = GameplayLogic.draw_score_done_u8
	         $054d = GameplayLogic.draw_double_digit_score_u9
	         $054f = GameplayLogic.score_count_tens_u9
	         $0560 = GameplayLogic.draw_score_done_u9
	         $0575 = GameplayLogic.draw_double_digit_score_u10
	         $0577 = GameplayLogic.score_count_tens_u10
	         $0588 = GameplayLogic.draw_score_done_u10
	         $0599 = GameplayLogic.load_tile_u11
	         $05bd = GameplayLogic.game_interface_init_done
	         $05e7 = GameplayLogic.load_letter_copy_u12
	         $060c = GameplayLogic.load_letter_copy_u13
	         $0617 = GameplayLogic.display_new_letters_done
	         $062f = GameplayLogic.update_tile_0_done
	         $0633 = GameplayLogic.update_tile_1_done
	         $063a = GameplayLogic.random_letter_done
	         $064a = GameplayLogic.increment_arrow_done
	         $065a = GameplayLogic.decrement_arrow_done
	         $0672 = GameplayLogic.increment_score_done
	         $068a = GameplayLogic.decrement_score_done
	         $06a0 = GameplayLogic.show_menu_done
	         $06a1 = MenuMode
	         $06e1 = MenuMode.player_name_copy_loop
	         $06f0 = MenuMode.save_game_done
	         $070e = MenuMode.reset_scores_done
	         $072b = MenuMode.edit_names_done
	         $0732 = MenuMode.menu_item_selected_done
	         $0742 = MenuMode.increment_arrow_done
	         $0752 = MenuMode.decrement_arrow_done
	         $0759 = MenuMode.hide_menu
	         $0763 = MenuMode.hide_menu_done
	         $0764 = EditNamesMode
	         $0778 = EditNamesMode.edit_interface_drawing_done
	         $079c = EditNamesMode.y_loop
	         $07a2 = EditNamesMode.increment_key_y_done
	         $07ad = EditNamesMode.x_loop
	         $07b3 = EditNamesMode.increment_key_x_done
	         $07d5 = EditNamesMode.letter_selected_done
	         $0804 = EditNamesMode.letter_delete_done
	         $0816 = EditNamesMode.wrap_min_y_done
	         $0819 = EditNamesMode.decrement_key_highlight_y_done
	         $082b = EditNamesMode.wrap_max_y_done
	         $082e = EditNamesMode.increment_key_highlight_y_done
	         $0840 = EditNamesMode.wrap_min_x_done
	         $0843 = EditNamesMode.decrement_key_highlight_x_done
	         $0855 = EditNamesMode.wrap_max_x_done
	         $0858 = EditNamesMode.increment_key_highlight_x_done
	         $086d = EditNamesMode.increment_edit_name_done
	         $087e = EditNamesMode.exit_edit_mode_done
	EMPTY: $087f-$3fff ($3781 bytes)
	TOTAL EMPTY: $385d bytes

ROMX bank #1:
	EMPTY: $4000-$457f ($0580 bytes)
	SECTION: $4580-$45ff ($0080 bytes) ["game_tile_addresses"]
	SECTION: $4600-$5fff ($1a00 bytes) ["game_tile_alphabet_data"]
	SECTION: $6000-$635f ($0360 bytes) ["graphics_data"]
	         $6000 = EmptyTile
	         $6010 = GameTile
	         $6060 = Font
	EMPTY: $6360-$781f ($14c0 bytes)
	SECTION: $7820-$7830 ($0011 bytes) ["tilemaps_data"]
	EMPTY: $7831-$783f ($000f bytes)
	SECTION: $7840-$7850 ($0011 bytes) ["tilemaps_data_row1"]
	EMPTY: $7851-$785f ($000f bytes)
	SECTION: $7860-$7870 ($0011 bytes) ["tilemaps_data_row2"]
	EMPTY: $7871-$787f ($000f bytes)
	SECTION: $7880-$7890 ($0011 bytes) ["tilemaps_data_row3"]
	EMPTY: $7891-$789f ($000f bytes)
	SECTION: $78a0-$78b0 ($0011 bytes) ["tilemaps_data_row4"]
	EMPTY: $78b1-$78bf ($000f bytes)
	SECTION: $78c0-$78d0 ($0011 bytes) ["tilemaps_data_row5"]
	EMPTY: $78d1-$78df ($000f bytes)
	SECTION: $78e0-$78f0 ($0011 bytes) ["tilemaps_data_row6"]
	EMPTY: $78f1-$793f ($004f bytes)
	SECTION: $7940-$794e ($000f bytes) ["tilemaps_data_row9"]
	EMPTY: $794f-$797f ($0031 bytes)
	SECTION: $7980-$798e ($000f bytes) ["tilemaps_data_row11"]
	EMPTY: $798f-$79bf ($0031 bytes)
	SECTION: $79c0-$79ce ($000f bytes) ["tilemaps_data_row13"]
	EMPTY: $79cf-$79ff ($0031 bytes)
	SECTION: $7a00-$7a0e ($000f bytes) ["tilemaps_data_row15"]
	EMPTY: $7a0f-$7bff ($01f1 bytes)
	SECTION: $7c00-$7c0c ($000d bytes) ["tilemaps_1_data_row0"]
	EMPTY: $7c0d-$7c3f ($0033 bytes)
	SECTION: $7c40-$7c4f ($0010 bytes) ["tilemaps_1_data_row2"]
	EMPTY: $7c50-$7c7f ($0030 bytes)
	SECTION: $7c80-$7c8d ($000e bytes) ["tilemaps_1_data_row4"]
	EMPTY: $7c8e-$7cbf ($0032 bytes)
	SECTION: $7cc0-$7ccc ($000d bytes) ["tilemaps_1_data_row6"]
	EMPTY: $7ccd-$7fff ($0333 bytes)
	TOTAL EMPTY: $2135 bytes
